for webhook error  ----> use this kubectl delete -A ValidatingWebhookConfiguration ingress-nginx-admission
